assembled artifacts/agent-full-honest
ladder[fast] agent=full opponents=9 deals/deal-pair=2500
cham-engine: WARNING — river_eq_edges has 17 entries, config river_eq_bins=64 expects 65; running with the committed edges (a bucket rebuild is needed for full conformance)
cham-engine: WARNING — river_eq_edges has 17 entries, config river_eq_bins=64 expects 65; running with the committed edges (a bucket rebuild is needed for full conformance)
cham-engine: WARNING — river_eq_edges has 17 entries, config river_eq_bins=64 expects 65; running with the committed edges (a bucket rebuild is needed for full conformance)
cham-engine: WARNING — river_eq_edges has 17 entries, config river_eq_bins=64 expects 65; running with the committed edges (a bucket rebuild is needed for full conformance)
cham-engine: WARNING — river_eq_edges has 17 entries, config river_eq_bins=64 expects 65; running with the committed edges (a bucket rebuild is needed for full conformance)
cham-engine: WARNING — river_eq_edges has 17 entries, config river_eq_bins=64 expects 65; running with the committed edges (a bucket rebuild is needed for full conformance)
cham-engine: WARNING — river_eq_edges has 17 entries, config river_eq_bins=64 expects 65; running with the committed edges (a bucket rebuild is needed for full conformance)
cham-engine: WARNING — river_eq_edges has 17 entries, config river_eq_bins=64 expects 65; running with the committed edges (a bucket rebuild is needed for full conformance)
cham-engine: WARNING — river_eq_edges has 17 entries, config river_eq_bins=64 expects 65; running with the committed edges (a bucket rebuild is needed for full conformance)
  arch:nit: +2514.7 ± 233.3 mb/seating (5000 seatings, VR ×1.45)
  arch:tag: +2689.8 ± 279.4 mb/seating (5000 seatings, VR ×1.34)
  arch:lag: +3194.7 ± 288.9 mb/seating (5000 seatings, VR ×1.37)
  arch:station: +3900.7 ± 470.3 mb/seating (5000 seatings, VR ×1.17)
  callbot: +6972.1 ± 601.7 mb/seating (5000 seatings, VR ×1.03)
  jamfix: -1052.0 ± 14.1 mb/seating (500 seatings, VR ×1.00) sprt-stop(AcceptH0)
  pnash:overfold:0.15: -13.3 ± 128.8 mb/seating (5000 seatings, VR ×3.02)
  famB:tag: +1484.3 ± 271.2 mb/seating (5000 seatings, VR ×1.70)
  noisy:0.1:arch:lag: +2580.4 ± 284.9 mb/seating (5000 seatings, VR ×1.28)
ladder[fast]: 40500 seatings total (ledger entry written)
ladder: cache saved (0 subgames → artifacts/river-cache.bin)
