exploitability[diag]: trained policy loaded from /Users/adm/Documents/Repos/chameleon/artifacts/blueprints-retrain-tiny-50M/robust-7/policy
exploitability[bp depth=20 seat=0]: lbr +8471.96 mb/hand over 200 deals
exploitability[diag]: trained policy loaded from /Users/adm/Documents/Repos/chameleon/artifacts/blueprints-retrain-tiny-50M/robust-7/policy
exploitability[bp depth=20 seat=1]: lbr +5806.18 mb/hand over 200 deals
exploitability[diag]: trained policy loaded from /Users/adm/Documents/Repos/chameleon/artifacts/blueprints-retrain-tiny-50M/robust-7/policy
exploitability[bp depth=100 seat=0]: lbr +14147.40 mb/hand over 200 deals
exploitability[diag]: trained policy loaded from /Users/adm/Documents/Repos/chameleon/artifacts/blueprints-retrain-tiny-50M/robust-7/policy
exploitability[bp depth=100 seat=1]: lbr +17947.77 mb/hand over 200 deals
Benchmarking lbr_uniform_depth20_seat0
Benchmarking lbr_uniform_depth20_seat0: Warming up for 3.0000 s
Benchmarking lbr_uniform_depth20_seat0: Collecting 20 samples in estimated 10.095 s (4200 iterations)
Benchmarking lbr_uniform_depth20_seat0: Analyzing
lbr_uniform_depth20_seat0
                        time:   [1.3728 ms 1.5953 ms 1.9634 ms]
                        change: [+152.66% +215.62% +279.86%] (p = 0.00 < 0.05)
                        Performance has regressed.

Benchmarking lbr_uniform_depth20_seat1
Benchmarking lbr_uniform_depth20_seat1: Warming up for 3.0000 s
Benchmarking lbr_uniform_depth20_seat1: Collecting 20 samples in estimated 10.247 s (8610 iterations)
Benchmarking lbr_uniform_depth20_seat1: Analyzing
lbr_uniform_depth20_seat1
                        time:   [925.67 µs 951.45 µs 984.03 µs]
                        change: [+19.546% +23.320% +27.857%] (p = 0.00 < 0.05)
                        Performance has regressed.
Found 2 outliers among 20 measurements (10.00%)
  2 (10.00%) high mild

Benchmarking lbr_uniform_depth100_seat0
Benchmarking lbr_uniform_depth100_seat0: Warming up for 3.0000 s
Benchmarking lbr_uniform_depth100_seat0: Collecting 20 samples in estimated 10.124 s (7350 iterations)
Benchmarking lbr_uniform_depth100_seat0: Analyzing
lbr_uniform_depth100_seat0
                        time:   [1.1612 ms 1.1802 ms 1.2011 ms]
                        change: [+17.129% +20.833% +24.974%] (p = 0.00 < 0.05)
                        Performance has regressed.
Found 2 outliers among 20 measurements (10.00%)
  2 (10.00%) high mild

Benchmarking lbr_uniform_depth100_seat1
Benchmarking lbr_uniform_depth100_seat1: Warming up for 3.0000 s
Benchmarking lbr_uniform_depth100_seat1: Collecting 20 samples in estimated 10.187 s (7350 iterations)
Benchmarking lbr_uniform_depth100_seat1: Analyzing
lbr_uniform_depth100_seat1
                        time:   [1.1162 ms 1.1372 ms 1.1653 ms]
                        change: [+14.524% +25.488% +38.401%] (p = 0.00 < 0.05)
                        Performance has regressed.
Found 3 outliers among 20 measurements (15.00%)
  3 (15.00%) high severe

