gpu-build: kind=flop limit=100 batch=512 out=artifacts/gpu-tables/flop-full
  note: batch 512 clamped to 4 (Metal TDR safety)
  4/100 boards (1.8/s)
  8/100 boards (1.8/s)
  12/100 boards (1.8/s)
  16/100 boards (1.8/s)
  20/100 boards (1.8/s)
  24/100 boards (1.8/s)
  28/100 boards (1.8/s)
  32/100 boards (1.8/s)
  36/100 boards (1.8/s)
  40/100 boards (1.8/s)
  44/100 boards (1.8/s)
  48/100 boards (1.8/s)
  52/100 boards (1.8/s)
  56/100 boards (1.8/s)
  60/100 boards (1.8/s)
  64/100 boards (1.8/s)
  68/100 boards (1.8/s)
  72/100 boards (1.8/s)
  76/100 boards (1.8/s)
  80/100 boards (1.8/s)
  84/100 boards (1.8/s)
  88/100 boards (1.8/s)
  92/100 boards (1.8/s)
  96/100 boards (1.8/s)
  100/100 boards (1.8/s)
  sample: 20 checks, PASS
gpu-build: wrote artifacts/gpu-tables/flop-full/flop.bin (530400 bytes, blake3 3ec9135e91bbc394)
gpu-build: 100 boards in 56.6s → 2.51e9 evals/s (1.8 boards/s)
gpu-build: projected full flop build: 3.5 h
